Hello, Developer! Welcome to CodeAois.